---
created: "2019-06-17T18:49:02.638268987Z"
creator: insta@0.8.1
source: mtoc/tests/io_tests.rs
expression: stdout(&cmd)
---
# Title

<!-- toc -->

- [jonschlinkert](#jonschlinkert)
  * [Foo](#foo)
  * [Foo](#-foo)
  * [Foo](#-foo-)
  * [Foo](#foo-)
  * [Some Article](#some-article)
  * [存在，【中文】；《标点》、符号！的标题？](#存在中文标点符号的标题)
  * [かんじ](#かんじ)
  * [中文](#中文)
  * [한자](#한자)
- [sebdah](#sebdah)
  * [Header %something%](#header-something)
  * [Header #something](#header-something-1)
- [naokazuterada](#naokazuterada)
  * [&lt;element1>](#ltelement1)
  * [(a static function) `greet([name])` (original, right?)](#a-static-function-greetname-original-right)
  * [_x_ test 2](#_x_-test-2)
- [jch](#jch)
  * [日本語](#日本語)
  * [Русский](#русский)
- [fnichol](#fnichol)
  * [Okay Åô Then](#okay-åô-then)
  * [Frachtaufträge](#frachtaufträge)
  * [C](#c)
  * [On [Go to Top](#top)](#on-go-to-toptop)

<!-- tocstop -->

## jonschlinkert

### <test>Foo

### <test> Foo

### <div> Foo </div>

### Foo <test>

### Some Article

### 存在，【中文】；《标点》、符号！的标题？

### かんじ

### 中文

### 한자

## sebdah

### Header %something%

### Header #something

## naokazuterada

### &lt;element1>

### (a static function) `greet([name])` (original, right?)

### _x_ test 2

## jch

### 日本語

### Русский

## fnichol

### Okay Åô Then

### Frachtaufträge

### C

### On <sub><sub>[Go to Top](#top)</sub></sub>

